// Jest Snapshot v1, https://goo.gl/fbAQLP

exports[`testing Button render with snapshot 1`] = `
<DocumentFragment>
  <button
    class="MuiButtonBase-root MuiButton-root MuiButton-contained MuiButton-containedSuccess MuiButton-sizeSmall MuiButton-containedSizeSmall MuiButton-root MuiButton-contained MuiButton-containedSuccess MuiButton-sizeSmall MuiButton-containedSizeSmall css-i6qjk0-MuiButtonBase-root-MuiButton-root"
    tabindex="0"
    type="submit"
  >
    <span
      class="MuiTouchRipple-root css-8je8zh-MuiTouchRipple-root"
    />
  </button>
</DocumentFragment>
`;

exports[`testing ChatListButton render ChatListButton with snapshot 1`] = `
<DocumentFragment>
  <button
    class="MuiButtonBase-root MuiButton-root MuiButton-contained MuiButton-containedSuccess MuiButton-sizeSmall MuiButton-containedSizeSmall MuiButton-root MuiButton-contained MuiButton-containedSuccess MuiButton-sizeSmall MuiButton-containedSizeSmall css-i6qjk0-MuiButtonBase-root-MuiButton-root"
    tabindex="0"
    type="submit"
  >
    <span
      class="MuiTouchRipple-root css-8je8zh-MuiTouchRipple-root"
    />
  </button>
</DocumentFragment>
`;
